<html>
<body>
<pre>
<h1>µVision Build Log</h1>
<h2>Tool Versions:</h2>
IDE-Version: £gVision V5.43.1.0
Copyright (C) 2025 ARM Ltd and ARM Germany GmbH. All rights reserved.
License Information: antia sun
ncku
User-based license: Keil MDK Nuvoton Edition - Full Cortex-M
Valid until: Sep 27 2034. Cached until: Apr 22 2026
 
Tool Versions:
Toolchain:       Keil MDK Nuvoton Edition - Full Cortex-M  Version: 5.43.0.0
Toolchain Path:  C:\Users\antia\AppData\Local\Keil_v5\ARM\ARMCLANG\Bin
C Compiler:      ArmClang.exe V6.24
Assembler:       Armasm.exe V6.24
Linker/Locator:  ArmLink.exe V6.24
Library Manager: ArmAr.exe V6.24
Hex Converter:   FromElf.exe V6.24
CPU DLL:         
Dialog DLL:      
Target DLL:      Nu_Link.dll V3.22
Dialog DLL:      TCM.DLL V1.56.6.0
 
<h2>Project:</h2>
C:\Users\antia\TING\114\chip\ML_M55M1_SampleCode\M55M1BSP-3.01.003\SampleCode\NuEdgeWise\ObjectTracker_YOLOv8n\KEIL\ObjectTracker.uvprojx
Project File Date:  03/22/2026

<h2>Output:</h2>
*** Using Compiler 'V6.24', folder: 'C:\Users\antia\AppData\Local\Keil_v5\ARM\ARMCLANG\Bin'
Rebuild target 'ObjectTracker'
creating preprocessor file for system_M55M1.c...
creating preprocessor file for startup_M55M1.c...
creating preprocessor file for uart.c...
creating preprocessor file for retarget.c...
compiling uart.c...
creating list file for uart.c...
compiling system_M55M1.c...
creating list file for startup_M55M1.c...
creating list file for retarget.c...
compiling startup_M55M1.c...
creating list file for system_M55M1.c...
creating list file for ccap.c...
creating preprocessor file for ccap.c...
creating preprocessor file for clk.c...
creating preprocessor file for sys.c...
compiling ccap.c...
creating list file for sys.c...
compiling sys.c...
creating list file for gpio.c...
compiling retarget.c...
creating list file for clk.c...
compiling clk.c...
creating preprocessor file for gpio.c...
creating list file for ethosu_device_u55_u65.c...
creating preprocessor file for ethosu_device_u55_u65.c...
compiling gpio.c...
creating preprocessor file for ethosu_driver.c...
creating preprocessor file for ethosu_pmu.c...
compiling ethosu_device_u55_u65.c...
compiling ethosu_pmu.c...
creating list file for ethosu_pmu.c...
creating list file for ethosu_driver.c...
compiling ethosu_driver.c...
creating preprocessor file for ebi.c...
creating list file for ebi.c...
compiling ebi.c...
creating preprocessor file for spim_hyper.c...
creating preprocessor file for sdh.c...
creating preprocessor file for spi.c...
creating list file for spim_hyper.c...
compiling spim_hyper.c...
creating list file for spi.c...
compiling spi.c...
creating preprocessor file for hsusbd.c...
creating list file for hsusbd.c...
compiling sdh.c...
creating list file for sdh.c...
creating preprocessor file for pdma.c...
compiling hsusbd.c...
creating list file for pdma.c...
creating preprocessor file for BoardInit.cpp...
compiling pdma.c...
creating list file for BoardInit.cpp...
compiling BoardInit.cpp...
creating list file for ModelFileReader.c...
creating preprocessor file for ModelFileReader.c...
compiling ModelFileReader.c...
creating preprocessor file for YOLOv8nODPostProcessing.cpp...
creating preprocessor file for YOLOv8nODModel.cpp...
creating preprocessor file for main.cpp...
creating preprocessor file for Labels.cpp...
creating list file for Labels.cpp...
creating preprocessor file for Model.cc...
compiling Labels.cpp...
creating preprocessor file for TensorFlowLiteMicro.cc...
creating list file for YOLOv8nODModel.cpp...
compiling YOLOv8nODModel.cpp...
compiling YOLOv8nODPostProcessing.cpp...
creating list file for YOLOv8nODPostProcessing.cpp...
creating preprocessor file for PlatformMath.cc...
creating list file for PlatformMath.cc...
creating list file for Model.cc...
compiling main.cpp...
creating list file for main.cpp...
creating preprocessor file for Profiler.cc...
compiling Model.cc...
creating list file for ethosu_cpu_cache.c...
creating list file for TensorFlowLiteMicro.cc...
creating preprocessor file for ethosu_cpu_cache.c...
creating preprocessor file for ethosu_npu_init.c...
compiling ethosu_cpu_cache.c...
creating list file for ethosu_npu_init.c...
compiling ethosu_npu_init.c...
compiling PlatformMath.cc...
compiling TensorFlowLiteMicro.cc...
creating list file for ethosu_profiler.c...
creating preprocessor file for ethosu_profiler.c...
compiling ethosu_profiler.c...
creating list file for Profiler.cc...
creating preprocessor file for pmu_counter.c...
creating list file for pmu_counter.c...
creating preprocessor file for ImageSensor.c...
compiling Profiler.cc...
compiling pmu_counter.c...
creating list file for ImageSensor.c...
creating preprocessor file for Sensor_HM1055.c...
compiling ImageSensor.c...
creating list file for Sensor_HM1055.c...
compiling Sensor_HM1055.c...
creating preprocessor file for SWI2C.c...
creating preprocessor file for Display.c...
creating list file for SWI2C.c...
creating list file for Display.c...
compiling SWI2C.c...
compiling Display.c...
creating list file for LCD_FSA506.c...
creating list file for Font8_16.c...
creating preprocessor file for Font8_16.c...
creating preprocessor file for LCD_FSA506.c...
compiling Font8_16.c...
compiling LCD_FSA506.c...
creating preprocessor file for hyperram_code.c...
creating list file for hyperram_code.c...
creating preprocessor file for sdglue.c...
creating list file for sdglue.c...
compiling hyperram_code.c...
compiling sdglue.c...
creating preprocessor file for LCD_ILI9341.c...
creating preprocessor file for descriptors.c...
compiling LCD_ILI9341.c...
creating list file for LCD_ILI9341.c...
creating list file for descriptors.c...
compiling descriptors.c...
creating preprocessor file for UVC.c...
creating list file for UVC.c...
creating preprocessor file for LCD_LT7381.c...
creating list file for LCD_LT7381.c...
compiling UVC.c...
creating preprocessor file for drv_pdma.c...
creating preprocessor file for diskio_SDH.c...
compiling LCD_LT7381.c...
creating list file for diskio_SDH.c...
creating list file for drv_pdma.c...
compiling diskio_SDH.c...
compiling drv_pdma.c...
creating preprocessor file for ff.c...
creating preprocessor file for ffunicode.c...
creating preprocessor file for car.cpp...
creating list file for ffunicode.c...
compiling ffunicode.c...
creating preprocessor file for dinner.cpp...
creating list file for ff.c...
creating list file for InputFiles.cpp...
creating preprocessor file for InputFiles.cpp...
creating list file for car.cpp...
compiling ff.c...
compiling InputFiles.cpp...
compiling car.cpp...
creating list file for dinner.cpp...
compiling dinner.cpp...
creating preprocessor file for BYTETracker.cpp...
creating preprocessor file for lapjv.cpp...
creating list file for lapjv.cpp...
compiling lapjv.cpp...
creating preprocessor file for kalmanFilter.cpp...
creating preprocessor file for STrack.cpp...
creating preprocessor file for utils.cpp...
creating list file for BYTETracker.cpp...
compiling BYTETracker.cpp...
creating list file for STrack.cpp...
compiling STrack.cpp...
creating list file for utils.cpp...
compiling utils.cpp...
compiling kalmanFilter.cpp...
creating list file for kalmanFilter.cpp...
linking...
Program Size: Code=239162 RO-data=84410 RW-data=2528 ZI-data=1155056  
After Build - User command #1: fromelf --bin ".\Objects\ObjectDetection.axf" --output ".\release\ObjectDetection.bin"
".\Objects\ObjectDetection.axf" - 0 Error(s), 0 Warning(s).

<h2>Software Packages used:</h2>

Package Vendor: Nuvoton
                https://github.com/OpenNuvoton/cmsis-packs/raw/master/Nuvoton_DFP/Nuvoton.NuMicroM55_DFP.3.1.4-rc.3.pack
                Nuvoton::NuMicroM55_DFP@3.1.4-rc.3
                Nuvoton ARM Cortex-M55 NuMicro Family Device Support

<h2>Collection of Component include folders:</h2>
  C:/Users/antia/AppData/Local/Arm/Packs/Nuvoton/NuMicroM55_DFP/3.1.4-rc.3/Library/Device/Nuvoton/M55M1/Include

<h2>Collection of Component Files used:</h2>
Build Time Elapsed:  00:00:33
</pre>
</body>
</html>
